╭─ Test Panel ──────────────────────────────────────────────────────────────────╮
│ Hello, Zyquo!                                                                │
│ This is a snapshot test baseline.                                            │
╰──────────────────────────────────────────────────────────────────────────────╯
